Loaded existing FAISS index with 12 embeddings
FAISS vector database initialized (12 embeddings, dim=1024)
Created session: 285d3f45-ec1d-4d6b-8b3d-5b2b5f45da13

Testing query: 'show me photos of january'


Results:
  Success: True
python : Traceback (most recent call 
last):
At line:1 char:1
+ python test_ai_search.py > 
test_output.txt 2>&1; Get-Content 
test_out ...
+ ~~~~~~~~~~~~~~~~~~~~~~~~~~~~~~~~~~~~
~~~~~~~~~~~
    + CategoryInfo          :     
NotSpecified: (Traceback (    most 
recent call last)::St    ring) [], 
RemoteException
    + FullyQualifiedErrorId :     
NativeCommandError
 
  File "S:\Projects\PixelMatch\backend
\test_ai_search.py", line 29, in 
<module>
    print(f"  AI Message: 
{result.get('ai_message')}")
  File "C:\Users\siddh\AppData\Local\P
rograms\Python\Python312\Lib\encodings
\cp1252.py", line 19, in encode
    return codecs.charmap_encode(input
,self.errors,encoding_table)[0]
           ^^^^^^^^^^^^^^^^^^^^^^^^^^^
^^^^^^^^^^^^^^^^^^^^^^^^^^^^
UnicodeEncodeError: 'charmap' codec 
can't encode character '\U0001f4f8' 
in position 38: character maps to 
<undefined>
